// Jest Snapshot v1, https://goo.gl/fbAQLP

exports[`SplitPageLayout renders default layout 1`] = `
.c0 {
  padding: 0;
}

.c1 {
  max-width: 100%;
  margin-left: auto;
  margin-right: auto;
  display: -webkit-box;
  display: -webkit-flex;
  display: -ms-flexbox;
  display: flex;
  -webkit-flex-wrap: wrap;
  -ms-flex-wrap: wrap;
  flex-wrap: wrap;
}

.c5 {
  display: -webkit-box;
  display: -webkit-flex;
  display: -ms-flexbox;
  display: flex;
  -webkit-flex: 1 1 100%;
  -ms-flex: 1 1 100%;
  flex: 1 1 100%;
  -webkit-flex-wrap: wrap;
  -ms-flex-wrap: wrap;
  flex-wrap: wrap;
  max-width: 100%;
}

.c6 {
  display: -webkit-box;
  display: -webkit-flex;
  display: -ms-flexbox;
  display: flex;
  -webkit-flex-direction: column;
  -ms-flex-direction: column;
  flex-direction: column;
  -webkit-order: 2;
  -ms-flex-order: 2;
  order: 2;
  -webkit-flex-basis: 0;
  -ms-flex-preferred-size: 0;
  flex-basis: 0;
  -webkit-box-flex: 1;
  -webkit-flex-grow: 1;
  -ms-flex-positive: 1;
  flex-grow: 1;
  -webkit-flex-shrink: 1;
  -ms-flex-negative: 1;
  flex-shrink: 1;
  min-width: 1px;
}

.c7 {
  width: 100%;
  max-width: 1012px;
  margin-left: auto;
  margin-right: auto;
  -webkit-box-flex: 1;
  -webkit-flex-grow: 1;
  -ms-flex-positive: 1;
  flex-grow: 1;
  padding: 16px;
}

.c8 {
  display: -webkit-box;
  display: -webkit-flex;
  display: -ms-flexbox;
  display: flex;
  -webkit-order: 1;
  -ms-flex-order: 1;
  order: 1;
  width: 100%;
  margin-left: 0;
  margin-right: 0;
  -webkit-flex-direction: column-reverse;
  -ms-flex-direction: column-reverse;
  flex-direction: column-reverse;
  margin-bottom: 0;
}

.c9 {
  margin-left: 0;
  margin-right: 0;
  display: none;
  margin-top: 0;
}

.c10 {
  height: 100%;
  position: relative;
  display: none;
  margin-left: 0;
}

.c11 {
  --pane-min-width: 256px;
  --pane-max-width: calc(100vw - 511px);
  width: 100%;
  padding: 16px;
}

.c2 {
  width: 100%;
  margin-bottom: 0;
}

.c3 {
  padding: 16px;
}

.c4 {
  margin-left: 0;
  margin-right: 0;
  display: block;
  height: 1px;
  background-color: #d0d7de;
  margin-top: 0;
}

.c12 {
  -webkit-order: 4;
  -ms-flex-order: 4;
  order: 4;
  width: 100%;
  margin-top: 0;
}

.c13 {
  margin-left: 0;
  margin-right: 0;
  display: block;
  height: 1px;
  background-color: #d0d7de;
  margin-bottom: 0;
}

@media screen and (min-width:1012px) {
  .c7 {
    padding: 24px;
  }
}

@media screen and (min-width:768px) {
  .c8 {
    width: auto;
    margin-top: 0 !important;
    margin-bottom: 0 !important;
    position: -webkit-sticky;
    position: sticky;
    top: 0px;
    max-height: var(--sticky-pane-height);
    -webkit-flex-direction: row-reverse;
    -ms-flex-direction: row-reverse;
    flex-direction: row-reverse;
    margin-right: 0;
  }
}

@media screen and (min-width:768px) {
  .c9 {
    margin-left: 0 !important;
    margin-right: 0 !important;
  }
}

@media screen and (min-width:768px) {
  .c11 {
    overflow: auto;
  }
}

@media screen and (min-width:1012px) {
  .c11 {
    width: 296px;
    padding: 24px;
  }
}

@media screen and (min-width:1280px) {
  .c11 {
    --pane-max-width: calc(100vw - 959px);
  }
}

@media screen and (min-width:1012px) {
  .c3 {
    padding: 24px;
  }
}

@media screen and (min-width:768px) {
  .c4 {
    margin-left: 0 !important;
    margin-right: 0 !important;
  }
}

@media screen and (min-width:768px) {
  .c13 {
    margin-left: 0 !important;
    margin-right: 0 !important;
  }
}

<div>
  <div
    class="c0"
    style="--sticky-pane-height: 100vh;"
  >
    <div
      class="c1"
    >
      <header
        class="c2"
      >
        <div
          class="c3"
        >
          Header
        </div>
        <div
          class="c4"
        />
      </header>
      <div
        class="c5"
      >
        <main
          class="c6"
        >
          <div
            class=""
          />
          <div
            class="c7"
          >
            Content
          </div>
          <div
            class=""
          />
        </main>
        <div
          class="c8"
        >
          <div
            class="c9"
          />
          <div
            class="c10"
          />
          <div
            class="c11"
            style="--pane-width: 296px;"
          >
            Pane
          </div>
        </div>
      </div>
      <footer
        class="c12"
      >
        <div
          class="c13"
        />
        <div
          class="c3"
        >
          Footer
        </div>
      </footer>
    </div>
  </div>
</div>
`;
