// Jest Snapshot v1, https://goo.gl/fbAQLP

exports[`Button default 1`] = `
.c0 {
  border: none;
  background-color: #000000;
  color: #FFFFFF;
  text-transform: uppercase;
  font-weight: 600;
  min-width: 160px;
  height: 45px;
  cursor: pointer;
}

<button
  className="c0"
>
  Test
</button>
`;
