// Jest Snapshot v1, https://goo.gl/fbAQLP

exports[`AppBar default 1`] = `
.c0 {
  display: -webkit-box;
  display: -webkit-flex;
  display: -ms-flexbox;
  display: flex;
  width: 100%;
  -webkit-flex-direction: row;
  -ms-flex-direction: row;
  flex-direction: row;
  -webkit-box-pack: justify;
  -webkit-justify-content: space-between;
  -ms-flex-pack: justify;
  justify-content: space-between;
  box-sizing: border-box;
  -webkit-transition: box-shadow 300ms cubic-bezier(0.4,0,0.2,1) 0ms;
  transition: box-shadow 300ms cubic-bezier(0.4,0,0.2,1) 0ms;
  box-shadow: none;
  background-color: #FFA;
  color: #000;
}

.c1 {
  position: relative;
  width: 100%;
  display: -webkit-box;
  display: -webkit-flex;
  display: -ms-flexbox;
  display: flex;
  -webkit-align-items: center;
  -webkit-box-align: center;
  -ms-flex-align: center;
  align-items: center;
  -webkit-box-pack: start;
  -webkit-justify-content: flex-start;
  -ms-flex-pack: start;
  justify-content: flex-start;
  height: 100%;
  min-height: 74px;
  gap: 15px;
  -webkit-flex-direction: row;
  -ms-flex-direction: row;
  flex-direction: row;
  padding: 10px 25px;
  padding-left: 54px;
}

.c2 {
  font-family: Roboto;
  font-style: normal;
  font-weight: 700;
  padding: 0px 10px;
  text-transform: uppercase;
  font-size: 16px;
  line-height: 15px;
}

<div
  className="c0"
>
  <div
    className="c1"
  >
    <div
      className="c2"
    >
      what we do
    </div>
    <div
      className="c2"
    >
      maps
    </div>
    <div
      className="c2"
    >
      contact us
    </div>
  </div>
</div>
`;
