// Jest Snapshot v1, https://goo.gl/fbAQLP

exports[`Map simple 1`] = `
.c0 {
  height: 800px;
  width: 800px;
}

<div
  className="c0"
  height="800px"
  width="800px"
/>
`;
