// Jest Snapshot v1, https://goo.gl/fbAQLP

exports[`TextArea default 1`] = `
.c0 {
  border: 1px solid #D1D1D1;
  padding: 10px;
  border-radius: 5px;
}

<textarea
  className="c0"
  id="test"
  label="label"
/>
`;
