// Jest Snapshot v1, https://goo.gl/fbAQLP

exports[`SegmentedControl renders consistently 1`] = `
.c1 {
  display: block;
  position: relative;
  -webkit-box-flex: 1;
  -webkit-flex-grow: 1;
  -ms-flex-positive: 1;
  flex-grow: 1;
  margin-top: -1px;
  margin-bottom: -1px;
  --separator-color: transparent;
}

.c1:not(:last-child) {
  margin-right: 1px;
}

.c1:not(:last-child):after {
  background-color: var(--separator-color);
  content: "";
  position: absolute;
  right: -2px;
  top: 8px;
  bottom: 8px;
  width: 1px;
}

.c1:first-child {
  margin-left: -1px;
}

.c1:last-child {
  margin-right: -1px;
}

.c3 {
  display: block;
  position: relative;
  -webkit-box-flex: 1;
  -webkit-flex-grow: 1;
  -ms-flex-positive: 1;
  flex-grow: 1;
  margin-top: -1px;
  margin-bottom: -1px;
  --separator-color: #d0d7de;
}

.c3:not(:last-child) {
  margin-right: 1px;
}

.c3:not(:last-child):after {
  background-color: var(--separator-color);
  content: "";
  position: absolute;
  right: -2px;
  top: 8px;
  bottom: 8px;
  width: 1px;
}

.c3:first-child {
  margin-left: -1px;
}

.c3:last-child {
  margin-right: -1px;
}

.c2 {
  --segmented-control-button-inner-padding: 12px;
  --segmented-control-button-bg-inset: 4px;
  --segmented-control-outer-radius: 6px;
  background-color: transparent;
  border-color: transparent;
  border-radius: var(--segmented-control-outer-radius);
  border-width: 0;
  color: currentColor;
  cursor: pointer;
  font-family: inherit;
  font-size: inherit;
  font-weight: 600;
  padding: 0;
  height: 100%;
  width: 100%;
}

.c2 .segmentedControl-content {
  -webkit-align-items: center;
  -webkit-box-align: center;
  -ms-flex-align: center;
  align-items: center;
  background-color: #f6f8fa;
  border-color: #6e7781;
  border-style: solid;
  border-width: 1px;
  border-radius: var(--segmented-control-outer-radius);
  display: -webkit-box;
  display: -webkit-flex;
  display: -ms-flexbox;
  display: flex;
  height: 100%;
  -webkit-box-pack: center;
  -webkit-justify-content: center;
  -ms-flex-pack: center;
  justify-content: center;
  padding-left: var(--segmented-control-button-inner-padding);
  padding-right: var(--segmented-control-button-inner-padding);
}

.c2 svg {
  fill: #57606a;
}

.c2:focus:focus-visible:not(:last-child):after {
  width: 0;
}

.c2 .segmentedControl-text:after {
  content: "Preview";
  display: block;
  font-weight: 600;
  height: 0;
  overflow: hidden;
  pointer-events: none;
  -webkit-user-select: none;
  -moz-user-select: none;
  -ms-user-select: none;
  user-select: none;
  visibility: hidden;
}

.c4 {
  --segmented-control-button-inner-padding: 12px;
  --segmented-control-button-bg-inset: 4px;
  --segmented-control-outer-radius: 6px;
  background-color: transparent;
  border-color: transparent;
  border-radius: var(--segmented-control-outer-radius);
  border-width: 0;
  color: currentColor;
  cursor: pointer;
  font-family: inherit;
  font-size: inherit;
  font-weight: 400;
  padding: var(--segmented-control-button-bg-inset);
  height: 100%;
  width: 100%;
}

.c4 .segmentedControl-content {
  -webkit-align-items: center;
  -webkit-box-align: center;
  -ms-flex-align: center;
  align-items: center;
  background-color: transparent;
  border-color: transparent;
  border-style: solid;
  border-width: 1px;
  border-radius: calc(var(--segmented-control-outer-radius) - var(--segmented-control-button-bg-inset) / 2);
  display: -webkit-box;
  display: -webkit-flex;
  display: -ms-flexbox;
  display: flex;
  height: 100%;
  -webkit-box-pack: center;
  -webkit-justify-content: center;
  -ms-flex-pack: center;
  justify-content: center;
  padding-left: calc(var(--segmented-control-button-inner-padding) - var(--segmented-control-button-bg-inset));
  padding-right: calc(var(--segmented-control-button-inner-padding) - var(--segmented-control-button-bg-inset));
}

.c4 svg {
  fill: #57606a;
}

.c4:hover .segmentedControl-content {
  background-color: rgba(175,184,193,0.2);
}

.c4:active .segmentedControl-content {
  background-color: rgba(175,184,193,0.4);
}

.c4:focus:focus-visible:not(:last-child):after {
  width: 0;
}

.c4 .segmentedControl-text:after {
  content: "Raw";
  display: block;
  font-weight: 600;
  height: 0;
  overflow: hidden;
  pointer-events: none;
  -webkit-user-select: none;
  -moz-user-select: none;
  -ms-user-select: none;
  user-select: none;
  visibility: hidden;
}

.c5 {
  --segmented-control-button-inner-padding: 12px;
  --segmented-control-button-bg-inset: 4px;
  --segmented-control-outer-radius: 6px;
  background-color: transparent;
  border-color: transparent;
  border-radius: var(--segmented-control-outer-radius);
  border-width: 0;
  color: currentColor;
  cursor: pointer;
  font-family: inherit;
  font-size: inherit;
  font-weight: 400;
  padding: var(--segmented-control-button-bg-inset);
  height: 100%;
  width: 100%;
}

.c5 .segmentedControl-content {
  -webkit-align-items: center;
  -webkit-box-align: center;
  -ms-flex-align: center;
  align-items: center;
  background-color: transparent;
  border-color: transparent;
  border-style: solid;
  border-width: 1px;
  border-radius: calc(var(--segmented-control-outer-radius) - var(--segmented-control-button-bg-inset) / 2);
  display: -webkit-box;
  display: -webkit-flex;
  display: -ms-flexbox;
  display: flex;
  height: 100%;
  -webkit-box-pack: center;
  -webkit-justify-content: center;
  -ms-flex-pack: center;
  justify-content: center;
  padding-left: calc(var(--segmented-control-button-inner-padding) - var(--segmented-control-button-bg-inset));
  padding-right: calc(var(--segmented-control-button-inner-padding) - var(--segmented-control-button-bg-inset));
}

.c5 svg {
  fill: #57606a;
}

.c5:hover .segmentedControl-content {
  background-color: rgba(175,184,193,0.2);
}

.c5:active .segmentedControl-content {
  background-color: rgba(175,184,193,0.4);
}

.c5:focus:focus-visible:not(:last-child):after {
  width: 0;
}

.c5 .segmentedControl-text:after {
  content: "Blame";
  display: block;
  font-weight: 600;
  height: 0;
  overflow: hidden;
  pointer-events: none;
  -webkit-user-select: none;
  -moz-user-select: none;
  -ms-user-select: none;
  user-select: none;
  visibility: hidden;
}

.c0 {
  background-color: #eaeef2;
  border-color: #d0d7de;
  border-radius: 6px;
  border-style: solid;
  border-width: 1px;
  display: -webkit-inline-box;
  display: -webkit-inline-flex;
  display: -ms-inline-flexbox;
  display: inline-flex;
  font-size: 14px;
  height: 32px;
  margin: 0;
  padding: 0;
}

@media (pointer:coarse) {
  .c2:before {
    content: "";
    position: absolute;
    left: 0;
    right: 0;
    -webkit-transform: translateY(-50%);
    -ms-transform: translateY(-50%);
    transform: translateY(-50%);
    top: 50%;
    min-height: 44px;
  }
}

@media (pointer:coarse) {
  .c4:before {
    content: "";
    position: absolute;
    left: 0;
    right: 0;
    -webkit-transform: translateY(-50%);
    -ms-transform: translateY(-50%);
    transform: translateY(-50%);
    top: 50%;
    min-height: 44px;
  }
}

@media (pointer:coarse) {
  .c5:before {
    content: "";
    position: absolute;
    left: 0;
    right: 0;
    -webkit-transform: translateY(-50%);
    -ms-transform: translateY(-50%);
    transform: translateY(-50%);
    top: 50%;
    min-height: 44px;
  }
}

<ul
  aria-label="File view"
  className="c0"
>
  <li
    className="c1"
  >
    <button
      aria-current={true}
      className="c2"
      onClick={[Function]}
    >
      <span
        className="segmentedControl-content"
      >
        <div
          className="segmentedControl-text"
        >
          Preview
        </div>
      </span>
    </button>
  </li>
  <li
    className="c3"
  >
    <button
      aria-current={false}
      className="c4"
      onClick={[Function]}
    >
      <span
        className="segmentedControl-content"
      >
        <div
          className="segmentedControl-text"
        >
          Raw
        </div>
      </span>
    </button>
  </li>
  <li
    className="c3"
  >
    <button
      aria-current={false}
      className="c5"
      onClick={[Function]}
    >
      <span
        className="segmentedControl-content"
      >
        <div
          className="segmentedControl-text"
        >
          Blame
        </div>
      </span>
    </button>
  </li>
</ul>
`;
