// Jest Snapshot v1, https://goo.gl/fbAQLP

exports[`Test default 1`] = `
<div>
  Hello
</div>
`;
